
[4mtest/output/simpleRule.css[24m
 [2m2:9[22m  [31m[31mâœ–[39m[31m[39m  Expected "#DDD" to be "#ddd"   [2mcolor-hex-case[22m

